
> qavelix@0.1.0 dev
> next dev --port 3000

▲ Next.js 16.2.10 (Turbopack)
- Local:         http://localhost:3000
- Network:       http://192.168.1.18:3000
- Environments: .env.local
✓ Ready in 3.8s
○ Compiling proxy ...
- Experiments (use with caution):
  · proxyClientMaxBodySize: 264241152

○ Compiling /[locale] ...
 GET /en 200 in 3.7s (next.js: 2.2s, proxy.ts: 20ms, generate-params: 2.2s, application-code: 1441ms)
{"level":"info","event":"upload_analyzed","at":"2026-07-24T20:01:28.413Z","requestId":"d285d348-5d27-4c5f-a60b-1bf5068d008a","fingerprint":"7_jnylBmJ_4V3aXg5RL8qtcLbVIPN8x2WX_bTy2DoaM","size":610348,"mimeType":"video/mp4"}
 POST /api/upload/analyze 200 in 2.3s (next.js: 1822ms, proxy.ts: 21ms, application-code: 477ms)
{"level":"info","event":"upload_analyzed","at":"2026-07-24T20:01:28.806Z","requestId":"29ade993-c05b-450f-af78-997fa9d6358d","fingerprint":"7_jnylBmJ_4V3aXg5RL8qtcLbVIPN8x2WX_bTy2DoaM","size":936117,"mimeType":"video/mp4"}
 POST /api/upload/analyze 200 in 339ms (next.js: 14ms, proxy.ts: 23ms, application-code: 302ms)
{"level":"info","event":"upload_analyzed","at":"2026-07-24T20:01:29.275Z","requestId":"bd64af09-c209-42ee-be24-9e067e4711bb","fingerprint":"7_jnylBmJ_4V3aXg5RL8qtcLbVIPN8x2WX_bTy2DoaM","size":3924350,"mimeType":"video/mp4"}
 POST /api/upload/analyze 200 in 449ms (next.js: 36ms, proxy.ts: 31ms, application-code: 382ms)
{"level":"info","event":"upload_analyzed","at":"2026-07-24T20:02:00.782Z","requestId":"9f182874-032e-49d6-951e-c93294a7adeb","fingerprint":"Zi0siM5CR20Pl-Mdfy78gZmoPyqYAZD6KyCm1zOrHio","size":3924350,"mimeType":"video/mp4"}
 POST /api/upload/analyze 200 in 522ms (next.js: 8ms, proxy.ts: 93ms, application-code: 421ms)
{"level":"info","event":"compression_job_created","at":"2026-07-24T20:02:01.576Z","jobId":"55225f33-129f-4d5c-9dbc-f3ddf1e1d448","preset":"balanced","inputSize":3924350}
{"level":"info","event":"compression_job_queued","at":"2026-07-24T20:02:01.578Z","jobId":"55225f33-129f-4d5c-9dbc-f3ddf1e1d448","queueDepth":1}
{"level":"info","event":"compression_worker_dispatch","at":"2026-07-24T20:02:01.580Z","jobId":"55225f33-129f-4d5c-9dbc-f3ddf1e1d448","remainingQueueDepth":0}
{"level":"info","event":"compression_job_created","at":"2026-07-24T20:02:01.582Z","requestId":"315a0ce8-dfa7-4bdc-ab20-e102045ac58e","fingerprint":"KqeLQZMp48oi3Fl6XQx8USOexFdX5L1f5VrULAwB628","jobId":"55225f33-129f-4d5c-9dbc-f3ddf1e1d448","preset":"balanced","size":3924350}
 POST /api/compression/jobs 202 in 744ms (next.js: 653ms, proxy.ts: 20ms, application-code: 71ms)
{"level":"info","event":"compression_worker_picked_job","at":"2026-07-24T20:02:01.637Z","jobId":"55225f33-129f-4d5c-9dbc-f3ddf1e1d448","preset":"balanced"}
{"level":"info","event":"compression_ffprobe_started","at":"2026-07-24T20:02:01.638Z","jobId":"55225f33-129f-4d5c-9dbc-f3ddf1e1d448","inputPath":"C:\\Users\\Lenovo\\AppData\\Local\\Temp\\qavelix-compression\\55225f33-129f-4d5c-9dbc-f3ddf1e1d448.mp4"}
{"level":"info","event":"compression_paths_verified","at":"2026-07-24T20:02:01.659Z","jobId":"55225f33-129f-4d5c-9dbc-f3ddf1e1d448","inputPath":"C:\\Users\\Lenovo\\AppData\\Local\\Temp\\qavelix-compression\\55225f33-129f-4d5c-9dbc-f3ddf1e1d448.mp4","inputSize":3924350,"outputPath":"C:\\Users\\Lenovo\\AppData\\Local\\Temp\\qavelix-compression\\55225f33-129f-4d5c-9dbc-f3ddf1e1d448.compressed.mp4","outputDirectory":"C:\\Users\\Lenovo\\AppData\\Local\\Temp\\qavelix-compression"}
{"level":"info","event":"compression_ffprobe_finished","at":"2026-07-24T20:02:02.393Z","jobId":"55225f33-129f-4d5c-9dbc-f3ddf1e1d448","durationSeconds":5,"bitrate":6278960,"width":1920,"height":1080,"videoCodec":"h264"}
{"level":"info","event":"compression_ffmpeg_command_generated","at":"2026-07-24T20:02:02.395Z","jobId":"55225f33-129f-4d5c-9dbc-f3ddf1e1d448","argumentCount":41,"command":"ffmpeg -hide_banner -nostdin -y -i C:\\Users\\Lenovo\\AppData\\Local\\Temp\\qavelix-compression\\55225f33-129f-4d5c-9dbc-f3ddf1e1d448.mp4 -map 0:v:0 -map 0:a? -map_metadata -1 -sn -c:v libx264 -preset veryfast -threads 2 -x264-params threads=2:lookahead-threads=1 -crf 26 -maxrate 4235k -bufsize 8470k -pix_fmt yuv420p -c:a aac -b:a 160k -ac 2 -movflags +faststart -f mp4 -progress pipe:1 C:\\Users\\Lenovo\\AppData\\Local\\Temp\\qavelix-compression\\55225f33-129f-4d5c-9dbc-f3ddf1e1d448.compressed.mp4","outputPath":"C:\\Users\\Lenovo\\AppData\\Local\\Temp\\qavelix-compression\\55225f33-129f-4d5c-9dbc-f3ddf1e1d448.compressed.mp4"}
{"level":"info","event":"compression_ffmpeg_spawned","at":"2026-07-24T20:02:02.500Z","jobId":"55225f33-129f-4d5c-9dbc-f3ddf1e1d448","pid":15696}
{"level":"info","event":"compression_progress_updated","at":"2026-07-24T20:02:04.465Z","jobId":"55225f33-129f-4d5c-9dbc-f3ddf1e1d448","progress":16}
{"level":"info","event":"compression_progress_updated","at":"2026-07-24T20:02:05.492Z","jobId":"55225f33-129f-4d5c-9dbc-f3ddf1e1d448","progress":27}
{"level":"info","event":"compression_progress_updated","at":"2026-07-24T20:02:06.539Z","jobId":"55225f33-129f-4d5c-9dbc-f3ddf1e1d448","progress":45}
 GET /api/compression/jobs/55225f33-129f-4d5c-9dbc-f3ddf1e1d448 200 in 5.4s (next.js: 5.3s, proxy.ts: 21ms, application-code: 62ms)
{"level":"info","event":"compression_progress_updated","at":"2026-07-24T20:02:07.064Z","jobId":"55225f33-129f-4d5c-9dbc-f3ddf1e1d448","progress":55}
{"level":"info","event":"compression_progress_updated","at":"2026-07-24T20:02:07.653Z","jobId":"55225f33-129f-4d5c-9dbc-f3ddf1e1d448","progress":65}
 GET /api/compression/jobs/55225f33-129f-4d5c-9dbc-f3ddf1e1d448 200 in 161ms (next.js: 119ms, proxy.ts: 15ms, application-code: 27ms)
{"level":"info","event":"compression_progress_updated","at":"2026-07-24T20:02:08.127Z","jobId":"55225f33-129f-4d5c-9dbc-f3ddf1e1d448","progress":75}
 GET /api/compression/jobs/55225f33-129f-4d5c-9dbc-f3ddf1e1d448 200 in 72ms (next.js: 24ms, proxy.ts: 15ms, application-code: 33ms)
{"level":"info","event":"compression_progress_updated","at":"2026-07-24T20:02:08.692Z","jobId":"55225f33-129f-4d5c-9dbc-f3ddf1e1d448","progress":85}
 GET /api/compression/jobs/55225f33-129f-4d5c-9dbc-f3ddf1e1d448 200 in 123ms (next.js: 23ms, proxy.ts: 13ms, application-code: 87ms)
 GET /api/compression/jobs/55225f33-129f-4d5c-9dbc-f3ddf1e1d448 200 in 52ms (next.js: 18ms, proxy.ts: 14ms, application-code: 19ms)
{"level":"info","event":"compression_progress_updated","at":"2026-07-24T20:02:09.389Z","jobId":"55225f33-129f-4d5c-9dbc-f3ddf1e1d448","progress":99}
{"level":"info","event":"compression_encoding_finished","at":"2026-07-24T20:02:09.435Z","jobId":"55225f33-129f-4d5c-9dbc-f3ddf1e1d448","status":"running"}
{"level":"info","event":"compression_output_verified","at":"2026-07-24T20:02:09.610Z","jobId":"55225f33-129f-4d5c-9dbc-f3ddf1e1d448","inputSize":3924350,"outputSize":2204216,"reductionPercent":43.8,"increasePercent":0,"ineffective":false,"outputWidth":1920,"outputHeight":1080,"wasDownscaledToFullHd":false}
{"level":"info","event":"compression_download_prepared","at":"2026-07-24T20:02:09.610Z","jobId":"55225f33-129f-4d5c-9dbc-f3ddf1e1d448","expiresAt":"2026-07-24T20:32:09.436Z"}
{"level":"info","event":"compression_job_completed","at":"2026-07-24T20:02:09.611Z","jobId":"55225f33-129f-4d5c-9dbc-f3ddf1e1d448","status":"optimized"}
 GET /api/compression/jobs/55225f33-129f-4d5c-9dbc-f3ddf1e1d448 200 in 38ms (next.js: 10ms, proxy.ts: 12ms, application-code: 15ms)
{"level":"info","event":"download_served","at":"2026-07-24T20:02:11.613Z","requestId":"b4039187-4736-430a-8bac-66e6d7833157","fingerprint":"7_jnylBmJ_4V3aXg5RL8qtcLbVIPN8x2WX_bTy2DoaM","jobId":"55225f33-129f-4d5c-9dbc-f3ddf1e1d448"}
 GET /api/compression/jobs/55225f33-129f-4d5c-9dbc-f3ddf1e1d448/download?token=Om0-bowVlHV3pLyK9UV42JQDgKtch-5bDlfY21_Y1wo&signature=T3cYcrho3VcDYNvjC6QxYFIC2InB4cefmKAhKW9_Wn8 200 in 2.1s (next.js: 1902ms, proxy.ts: 15ms, application-code: 163ms)
{"level":"info","event":"upload_analyzed","at":"2026-07-24T20:02:11.971Z","requestId":"5fcb4097-b9f3-44a4-9e38-9a25f9d9b61d","fingerprint":"vkhQIkbl6w9_SgTeRV7K7Crlu4EV3ET_54ntp-Oc7v8","size":610348,"mimeType":"video/mp4"}
 POST /api/upload/analyze 200 in 240ms (next.js: 13ms, proxy.ts: 21ms, application-code: 206ms)
{"level":"info","event":"compression_job_created","at":"2026-07-24T20:02:12.059Z","jobId":"69c175ff-b9d2-478e-890b-8726260ec41a","preset":"high","inputSize":610348}
{"level":"info","event":"compression_job_queued","at":"2026-07-24T20:02:12.060Z","jobId":"69c175ff-b9d2-478e-890b-8726260ec41a","queueDepth":1}
{"level":"info","event":"compression_worker_dispatch","at":"2026-07-24T20:02:12.061Z","jobId":"69c175ff-b9d2-478e-890b-8726260ec41a","remainingQueueDepth":0}
{"level":"info","event":"compression_job_created","at":"2026-07-24T20:02:12.064Z","requestId":"64bf1338-ca21-47ec-b93f-bc8cc06f2071","fingerprint":"OPbl4QcameTHXe_cRcj2rIsVI3463qKxdHvhZDSoAtg","jobId":"69c175ff-b9d2-478e-890b-8726260ec41a","preset":"high","size":610348}
 POST /api/compression/jobs 202 in 65ms (next.js: 10ms, proxy.ts: 14ms, application-code: 41ms)
{"level":"info","event":"compression_worker_picked_job","at":"2026-07-24T20:02:12.171Z","jobId":"69c175ff-b9d2-478e-890b-8726260ec41a","preset":"high"}
{"level":"info","event":"compression_ffprobe_started","at":"2026-07-24T20:02:12.172Z","jobId":"69c175ff-b9d2-478e-890b-8726260ec41a","inputPath":"C:\\Users\\Lenovo\\AppData\\Local\\Temp\\qavelix-compression\\69c175ff-b9d2-478e-890b-8726260ec41a.mp4"}
 GET /api/compression/jobs/69c175ff-b9d2-478e-890b-8726260ec41a 200 in 102ms (next.js: 72ms, proxy.ts: 13ms, application-code: 17ms)
{"level":"info","event":"compression_paths_verified","at":"2026-07-24T20:02:12.180Z","jobId":"69c175ff-b9d2-478e-890b-8726260ec41a","inputPath":"C:\\Users\\Lenovo\\AppData\\Local\\Temp\\qavelix-compression\\69c175ff-b9d2-478e-890b-8726260ec41a.mp4","inputSize":610348,"outputPath":"C:\\Users\\Lenovo\\AppData\\Local\\Temp\\qavelix-compression\\69c175ff-b9d2-478e-890b-8726260ec41a.compressed.mp4","outputDirectory":"C:\\Users\\Lenovo\\AppData\\Local\\Temp\\qavelix-compression"}
{"level":"info","event":"compression_ffprobe_finished","at":"2026-07-24T20:02:12.353Z","jobId":"69c175ff-b9d2-478e-890b-8726260ec41a","durationSeconds":30,"bitrate":162759,"width":640,"height":480,"videoCodec":"h264"}
{"level":"info","event":"compression_ffmpeg_command_generated","at":"2026-07-24T20:02:12.354Z","jobId":"69c175ff-b9d2-478e-890b-8726260ec41a","argumentCount":41,"command":"ffmpeg -hide_banner -nostdin -y -i C:\\Users\\Lenovo\\AppData\\Local\\Temp\\qavelix-compression\\69c175ff-b9d2-478e-890b-8726260ec41a.mp4 -map 0:v:0 -map 0:a? -map_metadata -1 -sn -c:v libx264 -preset fast -threads 2 -x264-params threads=2:lookahead-threads=1 -crf 20 -maxrate 240k -bufsize 480k -pix_fmt yuv420p -c:a aac -b:a 256k -ac 2 -movflags +faststart -f mp4 -progress pipe:1 C:\\Users\\Lenovo\\AppData\\Local\\Temp\\qavelix-compression\\69c175ff-b9d2-478e-890b-8726260ec41a.compressed.mp4","outputPath":"C:\\Users\\Lenovo\\AppData\\Local\\Temp\\qavelix-compression\\69c175ff-b9d2-478e-890b-8726260ec41a.compressed.mp4"}
{"level":"info","event":"compression_ffmpeg_spawned","at":"2026-07-24T20:02:12.385Z","jobId":"69c175ff-b9d2-478e-890b-8726260ec41a","pid":12796}
 GET /api/compression/jobs/69c175ff-b9d2-478e-890b-8726260ec41a 200 in 75ms (next.js: 21ms, proxy.ts: 26ms, application-code: 28ms)
 GET /api/compression/jobs/69c175ff-b9d2-478e-890b-8726260ec41a 200 in 79ms (next.js: 19ms, proxy.ts: 17ms, application-code: 43ms)
 GET /api/compression/jobs/69c175ff-b9d2-478e-890b-8726260ec41a 200 in 112ms (next.js: 51ms, proxy.ts: 12ms, application-code: 49ms)
{"level":"info","event":"compression_progress_updated","at":"2026-07-24T20:02:14.113Z","jobId":"69c175ff-b9d2-478e-890b-8726260ec41a","progress":10}
 GET /api/compression/jobs/69c175ff-b9d2-478e-890b-8726260ec41a 200 in 85ms (next.js: 18ms, proxy.ts: 16ms, application-code: 51ms)
 GET /api/compression/jobs/69c175ff-b9d2-478e-890b-8726260ec41a 200 in 316ms (next.js: 213ms, proxy.ts: 13ms, application-code: 90ms)
 GET /api/compression/jobs/69c175ff-b9d2-478e-890b-8726260ec41a 200 in 61ms (next.js: 18ms, proxy.ts: 13ms, application-code: 30ms)
{"level":"info","event":"compression_progress_updated","at":"2026-07-24T20:02:15.677Z","jobId":"69c175ff-b9d2-478e-890b-8726260ec41a","progress":22}
 GET /api/compression/jobs/69c175ff-b9d2-478e-890b-8726260ec41a 200 in 101ms (next.js: 40ms, proxy.ts: 17ms, application-code: 44ms)
 GET /api/compression/jobs/69c175ff-b9d2-478e-890b-8726260ec41a 200 in 75ms (next.js: 19ms, proxy.ts: 11ms, application-code: 45ms)
 GET /api/compression/jobs/69c175ff-b9d2-478e-890b-8726260ec41a 200 in 163ms (next.js: 24ms, proxy.ts: 14ms, application-code: 125ms)
{"level":"info","event":"compression_progress_updated","at":"2026-07-24T20:02:17.226Z","jobId":"69c175ff-b9d2-478e-890b-8726260ec41a","progress":34}
 GET /api/compression/jobs/69c175ff-b9d2-478e-890b-8726260ec41a 200 in 274ms (next.js: 230ms, proxy.ts: 21ms, application-code: 23ms)
{"level":"info","event":"compression_progress_updated","at":"2026-07-24T20:02:18.295Z","jobId":"69c175ff-b9d2-478e-890b-8726260ec41a","progress":44}
 GET /api/compression/jobs/69c175ff-b9d2-478e-890b-8726260ec41a 200 in 47ms (next.js: 11ms, proxy.ts: 12ms, application-code: 24ms)
 GET /api/compression/jobs/69c175ff-b9d2-478e-890b-8726260ec41a 200 in 42ms (next.js: 15ms, proxy.ts: 13ms, application-code: 14ms)
 GET /api/compression/jobs/69c175ff-b9d2-478e-890b-8726260ec41a 200 in 45ms (next.js: 11ms, proxy.ts: 12ms, application-code: 21ms)
{"level":"info","event":"compression_progress_updated","at":"2026-07-24T20:02:19.882Z","jobId":"69c175ff-b9d2-478e-890b-8726260ec41a","progress":58}
 GET /api/compression/jobs/69c175ff-b9d2-478e-890b-8726260ec41a 200 in 95ms (next.js: 64ms, proxy.ts: 12ms, application-code: 19ms)
 GET /api/compression/jobs/69c175ff-b9d2-478e-890b-8726260ec41a 200 in 110ms (next.js: 22ms, proxy.ts: 12ms, application-code: 76ms)
 GET /api/compression/jobs/69c175ff-b9d2-478e-890b-8726260ec41a 200 in 33ms (next.js: 13ms, proxy.ts: 12ms, application-code: 9ms)
{"level":"info","event":"compression_progress_updated","at":"2026-07-24T20:02:20.882Z","jobId":"69c175ff-b9d2-478e-890b-8726260ec41a","progress":68}
 GET /api/compression/jobs/69c175ff-b9d2-478e-890b-8726260ec41a 200 in 109ms (next.js: 23ms, proxy.ts: 12ms, application-code: 74ms)
{"level":"info","event":"compression_progress_updated","at":"2026-07-24T20:02:21.929Z","jobId":"69c175ff-b9d2-478e-890b-8726260ec41a","progress":78}
 GET /api/compression/jobs/69c175ff-b9d2-478e-890b-8726260ec41a 200 in 155ms (next.js: 66ms, proxy.ts: 13ms, application-code: 76ms)
 GET /api/compression/jobs/69c175ff-b9d2-478e-890b-8726260ec41a 200 in 61ms (next.js: 31ms, proxy.ts: 12ms, application-code: 18ms)
{"level":"info","event":"compression_progress_updated","at":"2026-07-24T20:02:22.950Z","jobId":"69c175ff-b9d2-478e-890b-8726260ec41a","progress":88}
 GET /api/compression/jobs/69c175ff-b9d2-478e-890b-8726260ec41a 200 in 44ms (next.js: 15ms, proxy.ts: 17ms, application-code: 13ms)
 GET /api/compression/jobs/69c175ff-b9d2-478e-890b-8726260ec41a 200 in 40ms (next.js: 14ms, proxy.ts: 12ms, application-code: 14ms)
 GET /api/compression/jobs/69c175ff-b9d2-478e-890b-8726260ec41a 200 in 103ms (next.js: 67ms, proxy.ts: 11ms, application-code: 26ms)
{"level":"info","event":"compression_progress_updated","at":"2026-07-24T20:02:23.980Z","jobId":"69c175ff-b9d2-478e-890b-8726260ec41a","progress":99}
{"level":"info","event":"compression_progress_updated","at":"2026-07-24T20:02:24.231Z","jobId":"69c175ff-b9d2-478e-890b-8726260ec41a","progress":99}
{"level":"info","event":"compression_encoding_finished","at":"2026-07-24T20:02:24.310Z","jobId":"69c175ff-b9d2-478e-890b-8726260ec41a","status":"running"}
 GET /api/compression/jobs/69c175ff-b9d2-478e-890b-8726260ec41a 200 in 76ms (next.js: 25ms, proxy.ts: 13ms, application-code: 38ms)
{"level":"info","event":"compression_output_verified","at":"2026-07-24T20:02:24.578Z","jobId":"69c175ff-b9d2-478e-890b-8726260ec41a","inputSize":610348,"outputSize":693958,"reductionPercent":0,"increasePercent":13.7,"ineffective":true,"outputWidth":640,"outputHeight":480,"wasDownscaledToFullHd":false}
{"level":"info","event":"compression_download_prepared","at":"2026-07-24T20:02:24.578Z","jobId":"69c175ff-b9d2-478e-890b-8726260ec41a","expiresAt":"2026-07-24T20:32:24.312Z"}
{"level":"info","event":"compression_job_completed","at":"2026-07-24T20:02:24.579Z","jobId":"69c175ff-b9d2-478e-890b-8726260ec41a","status":"compression_ineffective"}
 GET /api/compression/jobs/69c175ff-b9d2-478e-890b-8726260ec41a 200 in 50ms (next.js: 15ms, proxy.ts: 14ms, application-code: 20ms)
{"level":"info","event":"download_served","at":"2026-07-24T20:02:25.080Z","requestId":"e49fdb58-f7e3-44fd-9221-e96200ab2df8","fingerprint":"7_jnylBmJ_4V3aXg5RL8qtcLbVIPN8x2WX_bTy2DoaM","jobId":"69c175ff-b9d2-478e-890b-8726260ec41a"}
 GET /api/compression/jobs/69c175ff-b9d2-478e-890b-8726260ec41a/download?token=pngfC-2EGQLhyhutteWuOYa4CkzVib7Ca16CtuVRs2A&signature=YEFjBu05e7lU9WXmMwwUNeF8oGFMVrZd5XqlyXa87B8 200 in 154ms (next.js: 101ms, proxy.ts: 12ms, application-code: 40ms)
 POST /api/extract-audio/analyze 200 in 1218ms (next.js: 692ms, proxy.ts: 24ms, application-code: 501ms)
{"level":"info","event":"extract_audio_completed","at":"2026-07-24T20:02:27.922Z","requestId":"fa7e145f-1145-4682-8546-eac263211461","fingerprint":"CXAZQ8LxJxtKq60ileYVRmxObBloMME4byh5M9BxWjs","inputSize":3924350,"outputSize":121773}
 POST /api/extract-audio 200 in 1551ms (next.js: 556ms, proxy.ts: 61ms, application-code: 934ms)
