
> qavelix@0.1.0 dev
> next dev --port 3000

▲ Next.js 16.2.10 (Turbopack)
- Local:         http://localhost:3000
- Network:       http://192.168.1.18:3000
- Environments: .env.local
✓ Ready in 9.3s
○ Compiling proxy ...
- Experiments (use with caution):
  · proxyClientMaxBodySize: 264241152

○ Compiling /[locale] ...
 GET /en 200 in 518ms (next.js: 188ms, proxy.ts: 23ms, generate-params: 142ms, application-code: 307ms)
 GET /en 200 in 460ms (next.js: 28ms, proxy.ts: 26ms, generate-params: 103µs, application-code: 406ms)
{"level":"info","event":"upload_analyzed","at":"2026-07-24T17:21:12.335Z","requestId":"229d2eeb-0df3-4358-b9bb-b64704395dae","fingerprint":"r9SumSQSo9hOs2lURjCxOVOp7fB0M7AZryaqbZLii8s","size":12362765,"mimeType":"video/mp4"}
 POST /api/upload/analyze 200 in 3.1s (next.js: 2.0s, proxy.ts: 410ms, application-code: 703ms)
{"level":"info","event":"compression_job_created","at":"2026-07-24T17:21:13.621Z","jobId":"98b77ef4-749d-4503-8517-653740b64056","preset":"high","inputSize":12362765}
{"level":"info","event":"compression_job_queued","at":"2026-07-24T17:21:13.622Z","jobId":"98b77ef4-749d-4503-8517-653740b64056","queueDepth":1}
{"level":"info","event":"compression_worker_dispatch","at":"2026-07-24T17:21:13.623Z","jobId":"98b77ef4-749d-4503-8517-653740b64056","remainingQueueDepth":0}
{"level":"info","event":"compression_job_created","at":"2026-07-24T17:21:13.627Z","requestId":"83eff904-7054-4436-8dc9-bc187c06f2b7","fingerprint":"y8hH0n1vVpSH5-G45OVIcfz4NJe6buz13g55pZJhLZo","jobId":"98b77ef4-749d-4503-8517-653740b64056","preset":"high","size":12362765}
 POST /api/compression/jobs 202 in 1219ms (next.js: 1121ms, proxy.ts: 19ms, application-code: 79ms)
{"level":"info","event":"compression_worker_picked_job","at":"2026-07-24T17:21:13.658Z","jobId":"98b77ef4-749d-4503-8517-653740b64056","preset":"high"}
{"level":"info","event":"compression_ffprobe_started","at":"2026-07-24T17:21:13.660Z","jobId":"98b77ef4-749d-4503-8517-653740b64056","inputPath":"C:\\Users\\Lenovo\\AppData\\Local\\Temp\\qavelix-compression\\98b77ef4-749d-4503-8517-653740b64056.mp4"}
{"level":"info","event":"compression_paths_verified","at":"2026-07-24T17:21:13.695Z","jobId":"98b77ef4-749d-4503-8517-653740b64056","inputPath":"C:\\Users\\Lenovo\\AppData\\Local\\Temp\\qavelix-compression\\98b77ef4-749d-4503-8517-653740b64056.mp4","inputSize":12362765,"outputPath":"C:\\Users\\Lenovo\\AppData\\Local\\Temp\\qavelix-compression\\98b77ef4-749d-4503-8517-653740b64056.compressed.mp4","outputDirectory":"C:\\Users\\Lenovo\\AppData\\Local\\Temp\\qavelix-compression"}
{"level":"info","event":"compression_ffprobe_finished","at":"2026-07-24T17:21:14.835Z","jobId":"98b77ef4-749d-4503-8517-653740b64056","durationSeconds":5,"bitrate":19780424,"width":3840,"height":2160,"videoCodec":"h264"}
{"level":"info","event":"compression_ffmpeg_command_generated","at":"2026-07-24T17:21:14.837Z","jobId":"98b77ef4-749d-4503-8517-653740b64056","argumentCount":43,"command":"ffmpeg -hide_banner -nostdin -y -i C:\\Users\\Lenovo\\AppData\\Local\\Temp\\qavelix-compression\\98b77ef4-749d-4503-8517-653740b64056.mp4 -map 0:v:0 -map 0:a? -map_metadata -1 -sn -c:v libx264 -preset fast -threads 2 -x264-params threads=2:lookahead-threads=1 -crf 20 -maxrate 14000k -bufsize 28000k -pix_fmt yuv420p -vf scale='if(gte(iw,ih),min(iw,1920),min(iw,1080))':'if(gte(iw,ih),min(ih,1080),min(ih,1920))':force_original_aspect_ratio=decrease:force_divisible_by=2 -c:a aac -b:a 256k -ac 2 -movflags +faststart -f mp4 -progress pipe:1 C:\\Users\\Lenovo\\AppData\\Local\\Temp\\qavelix-compression\\98b77ef4-749d-4503-8517-653740b64056.compressed.mp4","outputPath":"C:\\Users\\Lenovo\\AppData\\Local\\Temp\\qavelix-compression\\98b77ef4-749d-4503-8517-653740b64056.compressed.mp4"}
{"level":"info","event":"compression_ffmpeg_spawned","at":"2026-07-24T17:21:14.933Z","jobId":"98b77ef4-749d-4503-8517-653740b64056","pid":6956}
 GET /api/compression/jobs/98b77ef4-749d-4503-8517-653740b64056 200 in 4.6s (next.js: 4.4s, proxy.ts: 27ms, application-code: 166ms)
{"level":"info","event":"compression_job_deleted_or_cancelled","at":"2026-07-24T17:21:18.561Z","requestId":"35b932af-f4cb-4b42-b564-3ec390815285","fingerprint":"3s-9RCVtzGsmVvtQspvgjoD-aeaBhaWxm_pO4-Y_Auw","jobId":"98b77ef4-749d-4503-8517-653740b64056","status":"cancelled"}
 DELETE /api/compression/jobs/98b77ef4-749d-4503-8517-653740b64056 200 in 312ms (next.js: 195ms, proxy.ts: 14ms, application-code: 102ms)
{"level":"info","event":"compression_encoding_finished","at":"2026-07-24T17:21:18.838Z","jobId":"98b77ef4-749d-4503-8517-653740b64056","status":"cancelled"}
 GET /api/compression/jobs/98b77ef4-749d-4503-8517-653740b64056 200 in 134ms (next.js: 32ms, proxy.ts: 15ms, application-code: 87ms)
{"level":"info","event":"upload_analyzed","at":"2026-07-24T17:21:21.181Z","requestId":"3cc35a38-5a6c-438c-80d9-220e3ee657e3","fingerprint":"_AqiDqtMgCcakhj7ZOP6ZqfFupuecXW8fMb1vI0k-XY","size":12362765,"mimeType":"video/mp4"}
 POST /api/upload/analyze 200 in 911ms (next.js: 89ms, proxy.ts: 293ms, application-code: 529ms)
{"level":"info","event":"compression_job_created","at":"2026-07-24T17:21:21.300Z","jobId":"05af433e-2e97-40f4-936a-969a73b73510","preset":"high","inputSize":12362765}
{"level":"info","event":"compression_job_queued","at":"2026-07-24T17:21:21.301Z","jobId":"05af433e-2e97-40f4-936a-969a73b73510","queueDepth":1}
{"level":"info","event":"compression_worker_dispatch","at":"2026-07-24T17:21:21.301Z","jobId":"05af433e-2e97-40f4-936a-969a73b73510","remainingQueueDepth":0}
{"level":"info","event":"compression_job_created","at":"2026-07-24T17:21:21.303Z","requestId":"27c3ac7d-f1c4-4770-b535-d95c9edc7630","fingerprint":"gKC_34kcApZ8XO22LI_D8AaugRAEblq2_c6pl0rUS8o","jobId":"05af433e-2e97-40f4-936a-969a73b73510","preset":"high","size":12362765}
 POST /api/compression/jobs 202 in 86ms (next.js: 11ms, proxy.ts: 16ms, application-code: 60ms)
{"level":"info","event":"compression_worker_picked_job","at":"2026-07-24T17:21:21.351Z","jobId":"05af433e-2e97-40f4-936a-969a73b73510","preset":"high"}
{"level":"info","event":"compression_ffprobe_started","at":"2026-07-24T17:21:21.352Z","jobId":"05af433e-2e97-40f4-936a-969a73b73510","inputPath":"C:\\Users\\Lenovo\\AppData\\Local\\Temp\\qavelix-compression\\05af433e-2e97-40f4-936a-969a73b73510.mp4"}
{"level":"info","event":"compression_paths_verified","at":"2026-07-24T17:21:21.356Z","jobId":"05af433e-2e97-40f4-936a-969a73b73510","inputPath":"C:\\Users\\Lenovo\\AppData\\Local\\Temp\\qavelix-compression\\05af433e-2e97-40f4-936a-969a73b73510.mp4","inputSize":12362765,"outputPath":"C:\\Users\\Lenovo\\AppData\\Local\\Temp\\qavelix-compression\\05af433e-2e97-40f4-936a-969a73b73510.compressed.mp4","outputDirectory":"C:\\Users\\Lenovo\\AppData\\Local\\Temp\\qavelix-compression"}
 GET /api/compression/jobs/05af433e-2e97-40f4-936a-969a73b73510 200 in 216ms (next.js: 169ms, proxy.ts: 15ms, application-code: 31ms)
{"level":"info","event":"compression_job_deleted_or_cancelled","at":"2026-07-24T17:21:21.598Z","requestId":"f61287d1-b94f-4502-a7bf-cc4b270636f8","fingerprint":"YLspceHezHiH9HxbPqBZLDH98u-ESf9fx2nryKRaP9k","jobId":"05af433e-2e97-40f4-936a-969a73b73510","status":"cancelled"}
 DELETE /api/compression/jobs/05af433e-2e97-40f4-936a-969a73b73510 200 in 52ms (next.js: 16ms, proxy.ts: 13ms, application-code: 23ms)
{"level":"info","event":"compression_ffprobe_finished","at":"2026-07-24T17:21:21.744Z","jobId":"05af433e-2e97-40f4-936a-969a73b73510","durationSeconds":5,"bitrate":19780424,"width":3840,"height":2160,"videoCodec":"h264"}
{"level":"info","event":"compression_ffmpeg_command_generated","at":"2026-07-24T17:21:21.745Z","jobId":"05af433e-2e97-40f4-936a-969a73b73510","argumentCount":43,"command":"ffmpeg -hide_banner -nostdin -y -i C:\\Users\\Lenovo\\AppData\\Local\\Temp\\qavelix-compression\\05af433e-2e97-40f4-936a-969a73b73510.mp4 -map 0:v:0 -map 0:a? -map_metadata -1 -sn -c:v libx264 -preset fast -threads 2 -x264-params threads=2:lookahead-threads=1 -crf 20 -maxrate 14000k -bufsize 28000k -pix_fmt yuv420p -vf scale='if(gte(iw,ih),min(iw,1920),min(iw,1080))':'if(gte(iw,ih),min(ih,1080),min(ih,1920))':force_original_aspect_ratio=decrease:force_divisible_by=2 -c:a aac -b:a 256k -ac 2 -movflags +faststart -f mp4 -progress pipe:1 C:\\Users\\Lenovo\\AppData\\Local\\Temp\\qavelix-compression\\05af433e-2e97-40f4-936a-969a73b73510.compressed.mp4","outputPath":"C:\\Users\\Lenovo\\AppData\\Local\\Temp\\qavelix-compression\\05af433e-2e97-40f4-936a-969a73b73510.compressed.mp4"}
{"level":"info","event":"compression_encoding_finished","at":"2026-07-24T17:21:21.886Z","jobId":"05af433e-2e97-40f4-936a-969a73b73510","status":"cancelled"}
 GET /api/compression/jobs/05af433e-2e97-40f4-936a-969a73b73510 200 in 62ms (next.js: 19ms, proxy.ts: 12ms, application-code: 31ms)
{"level":"info","event":"upload_analyzed","at":"2026-07-24T17:21:24.174Z","requestId":"eb04c027-a63f-42ee-88d4-66c35a60854c","fingerprint":"Bq_1CQln080CwQ4cQ6_1eptwq2XtLig7vuMfG8Q6TPc","size":12362765,"mimeType":"video/mp4"}
 POST /api/upload/analyze 200 in 934ms (next.js: 9ms, proxy.ts: 313ms, application-code: 613ms)
{"level":"info","event":"compression_job_created","at":"2026-07-24T17:21:24.262Z","jobId":"8776a995-01fe-41ac-8e53-21420c53d3d6","preset":"high","inputSize":12362765}
{"level":"info","event":"compression_job_queued","at":"2026-07-24T17:21:24.263Z","jobId":"8776a995-01fe-41ac-8e53-21420c53d3d6","queueDepth":1}
{"level":"info","event":"compression_worker_dispatch","at":"2026-07-24T17:21:24.264Z","jobId":"8776a995-01fe-41ac-8e53-21420c53d3d6","remainingQueueDepth":0}
{"level":"info","event":"compression_job_created","at":"2026-07-24T17:21:24.268Z","requestId":"a79ac841-fa10-4929-ba6c-0f1e4e63f9b5","fingerprint":"BsR_pfiAsStZmVRFVEfcE6xhEGsiYLep92Evn_zFm5c","jobId":"8776a995-01fe-41ac-8e53-21420c53d3d6","preset":"high","size":12362765}
 POST /api/compression/jobs 202 in 71ms (next.js: 8ms, proxy.ts: 13ms, application-code: 50ms)
{"level":"info","event":"compression_worker_picked_job","at":"2026-07-24T17:21:24.328Z","jobId":"8776a995-01fe-41ac-8e53-21420c53d3d6","preset":"high"}
{"level":"info","event":"compression_ffprobe_started","at":"2026-07-24T17:21:24.329Z","jobId":"8776a995-01fe-41ac-8e53-21420c53d3d6","inputPath":"C:\\Users\\Lenovo\\AppData\\Local\\Temp\\qavelix-compression\\8776a995-01fe-41ac-8e53-21420c53d3d6.mp4"}
{"level":"info","event":"compression_paths_verified","at":"2026-07-24T17:21:24.443Z","jobId":"8776a995-01fe-41ac-8e53-21420c53d3d6","inputPath":"C:\\Users\\Lenovo\\AppData\\Local\\Temp\\qavelix-compression\\8776a995-01fe-41ac-8e53-21420c53d3d6.mp4","inputSize":12362765,"outputPath":"C:\\Users\\Lenovo\\AppData\\Local\\Temp\\qavelix-compression\\8776a995-01fe-41ac-8e53-21420c53d3d6.compressed.mp4","outputDirectory":"C:\\Users\\Lenovo\\AppData\\Local\\Temp\\qavelix-compression"}
 GET /api/compression/jobs/8776a995-01fe-41ac-8e53-21420c53d3d6 200 in 182ms (next.js: 115ms, proxy.ts: 27ms, application-code: 40ms)
{"level":"info","event":"compression_job_deleted_or_cancelled","at":"2026-07-24T17:21:24.612Z","requestId":"af86349d-5238-4db6-880e-95499503f73e","fingerprint":"QMrpyEGSgFulAser_PpJ3sZa-rrcj3jbRD3cc_x8JYA","jobId":"8776a995-01fe-41ac-8e53-21420c53d3d6","status":"cancelled"}
 DELETE /api/compression/jobs/8776a995-01fe-41ac-8e53-21420c53d3d6 200 in 125ms (next.js: 19ms, proxy.ts: 14ms, application-code: 91ms)
{"level":"info","event":"compression_ffprobe_finished","at":"2026-07-24T17:21:24.911Z","jobId":"8776a995-01fe-41ac-8e53-21420c53d3d6","durationSeconds":5,"bitrate":19780424,"width":3840,"height":2160,"videoCodec":"h264"}
{"level":"info","event":"compression_ffmpeg_command_generated","at":"2026-07-24T17:21:24.912Z","jobId":"8776a995-01fe-41ac-8e53-21420c53d3d6","argumentCount":43,"command":"ffmpeg -hide_banner -nostdin -y -i C:\\Users\\Lenovo\\AppData\\Local\\Temp\\qavelix-compression\\8776a995-01fe-41ac-8e53-21420c53d3d6.mp4 -map 0:v:0 -map 0:a? -map_metadata -1 -sn -c:v libx264 -preset fast -threads 2 -x264-params threads=2:lookahead-threads=1 -crf 20 -maxrate 14000k -bufsize 28000k -pix_fmt yuv420p -vf scale='if(gte(iw,ih),min(iw,1920),min(iw,1080))':'if(gte(iw,ih),min(ih,1080),min(ih,1920))':force_original_aspect_ratio=decrease:force_divisible_by=2 -c:a aac -b:a 256k -ac 2 -movflags +faststart -f mp4 -progress pipe:1 C:\\Users\\Lenovo\\AppData\\Local\\Temp\\qavelix-compression\\8776a995-01fe-41ac-8e53-21420c53d3d6.compressed.mp4","outputPath":"C:\\Users\\Lenovo\\AppData\\Local\\Temp\\qavelix-compression\\8776a995-01fe-41ac-8e53-21420c53d3d6.compressed.mp4"}
{"level":"info","event":"compression_encoding_finished","at":"2026-07-24T17:21:24.958Z","jobId":"8776a995-01fe-41ac-8e53-21420c53d3d6","status":"cancelled"}
 GET /api/compression/jobs/8776a995-01fe-41ac-8e53-21420c53d3d6 200 in 83ms (next.js: 27ms, proxy.ts: 21ms, application-code: 35ms)
{"level":"info","event":"upload_analyzed","at":"2026-07-24T17:21:26.936Z","requestId":"2bfd6651-6f28-4844-a785-187acd536fa2","fingerprint":"9Q9KzSKleY5Xclcdsq9uqBO0TlMMGDdIbzcyBzXyMJs","size":12362765,"mimeType":"video/mp4"}
 POST /api/upload/analyze 200 in 684ms (next.js: 47ms, proxy.ts: 57ms, application-code: 581ms)
{"level":"info","event":"compression_job_created","at":"2026-07-24T17:21:27.053Z","jobId":"d1570e4e-4c05-4164-ad4f-5560bb51c03d","preset":"high","inputSize":12362765}
{"level":"info","event":"compression_job_queued","at":"2026-07-24T17:21:27.054Z","jobId":"d1570e4e-4c05-4164-ad4f-5560bb51c03d","queueDepth":1}
{"level":"info","event":"compression_worker_dispatch","at":"2026-07-24T17:21:27.055Z","jobId":"d1570e4e-4c05-4164-ad4f-5560bb51c03d","remainingQueueDepth":0}
{"level":"info","event":"compression_job_created","at":"2026-07-24T17:21:27.075Z","requestId":"d259e173-675e-469e-a588-a3661120299d","fingerprint":"TlqVHRlNOqNUfbmMSsl_mQtPYenvWeYjVi7OkQnG7c0","jobId":"d1570e4e-4c05-4164-ad4f-5560bb51c03d","preset":"high","size":12362765}
 POST /api/compression/jobs 202 in 115ms (next.js: 23ms, proxy.ts: 19ms, application-code: 73ms)
{"level":"info","event":"compression_worker_picked_job","at":"2026-07-24T17:21:27.248Z","jobId":"d1570e4e-4c05-4164-ad4f-5560bb51c03d","preset":"high"}
{"level":"info","event":"compression_ffprobe_started","at":"2026-07-24T17:21:27.249Z","jobId":"d1570e4e-4c05-4164-ad4f-5560bb51c03d","inputPath":"C:\\Users\\Lenovo\\AppData\\Local\\Temp\\qavelix-compression\\d1570e4e-4c05-4164-ad4f-5560bb51c03d.mp4"}
 GET /api/compression/jobs/d1570e4e-4c05-4164-ad4f-5560bb51c03d 200 in 163ms (next.js: 112ms, proxy.ts: 34ms, application-code: 17ms)
{"level":"info","event":"compression_paths_verified","at":"2026-07-24T17:21:27.271Z","jobId":"d1570e4e-4c05-4164-ad4f-5560bb51c03d","inputPath":"C:\\Users\\Lenovo\\AppData\\Local\\Temp\\qavelix-compression\\d1570e4e-4c05-4164-ad4f-5560bb51c03d.mp4","inputSize":12362765,"outputPath":"C:\\Users\\Lenovo\\AppData\\Local\\Temp\\qavelix-compression\\d1570e4e-4c05-4164-ad4f-5560bb51c03d.compressed.mp4","outputDirectory":"C:\\Users\\Lenovo\\AppData\\Local\\Temp\\qavelix-compression"}
{"level":"info","event":"compression_job_deleted_or_cancelled","at":"2026-07-24T17:21:27.321Z","requestId":"8038a39a-c26d-4d81-b456-45ac6fdea340","fingerprint":"3woMQRs0ksJyMbAPBACxNcpda6jMj1dmJLoGW9Y_F0U","jobId":"d1570e4e-4c05-4164-ad4f-5560bb51c03d","status":"cancelled"}
 DELETE /api/compression/jobs/d1570e4e-4c05-4164-ad4f-5560bb51c03d 200 in 66ms (next.js: 33ms, proxy.ts: 13ms, application-code: 19ms)
{"level":"info","event":"compression_ffprobe_finished","at":"2026-07-24T17:21:27.534Z","jobId":"d1570e4e-4c05-4164-ad4f-5560bb51c03d","durationSeconds":5,"bitrate":19780424,"width":3840,"height":2160,"videoCodec":"h264"}
{"level":"info","event":"compression_ffmpeg_command_generated","at":"2026-07-24T17:21:27.535Z","jobId":"d1570e4e-4c05-4164-ad4f-5560bb51c03d","argumentCount":43,"command":"ffmpeg -hide_banner -nostdin -y -i C:\\Users\\Lenovo\\AppData\\Local\\Temp\\qavelix-compression\\d1570e4e-4c05-4164-ad4f-5560bb51c03d.mp4 -map 0:v:0 -map 0:a? -map_metadata -1 -sn -c:v libx264 -preset fast -threads 2 -x264-params threads=2:lookahead-threads=1 -crf 20 -maxrate 14000k -bufsize 28000k -pix_fmt yuv420p -vf scale='if(gte(iw,ih),min(iw,1920),min(iw,1080))':'if(gte(iw,ih),min(ih,1080),min(ih,1920))':force_original_aspect_ratio=decrease:force_divisible_by=2 -c:a aac -b:a 256k -ac 2 -movflags +faststart -f mp4 -progress pipe:1 C:\\Users\\Lenovo\\AppData\\Local\\Temp\\qavelix-compression\\d1570e4e-4c05-4164-ad4f-5560bb51c03d.compressed.mp4","outputPath":"C:\\Users\\Lenovo\\AppData\\Local\\Temp\\qavelix-compression\\d1570e4e-4c05-4164-ad4f-5560bb51c03d.compressed.mp4"}
{"level":"info","event":"compression_encoding_finished","at":"2026-07-24T17:21:27.662Z","jobId":"d1570e4e-4c05-4164-ad4f-5560bb51c03d","status":"cancelled"}
 GET /api/compression/jobs/d1570e4e-4c05-4164-ad4f-5560bb51c03d 200 in 45ms (next.js: 13ms, proxy.ts: 14ms, application-code: 18ms)
{"level":"info","event":"upload_analyzed","at":"2026-07-24T17:21:29.430Z","requestId":"49a1c5db-70c9-44e0-8c79-9355d5a35ab3","fingerprint":"afF3bSHvK5awSQOXGICdp8v0usjuhVPdIXCTcVz0zkk","size":12362765,"mimeType":"video/mp4"}
 POST /api/upload/analyze 200 in 513ms (next.js: 7ms, proxy.ts: 52ms, application-code: 454ms)
{"level":"info","event":"compression_job_created","at":"2026-07-24T17:21:29.514Z","jobId":"afdec89f-d4bb-4b07-8069-8cd263d18b16","preset":"high","inputSize":12362765}
{"level":"info","event":"compression_job_queued","at":"2026-07-24T17:21:29.515Z","jobId":"afdec89f-d4bb-4b07-8069-8cd263d18b16","queueDepth":1}
{"level":"info","event":"compression_worker_dispatch","at":"2026-07-24T17:21:29.516Z","jobId":"afdec89f-d4bb-4b07-8069-8cd263d18b16","remainingQueueDepth":0}
{"level":"info","event":"compression_job_created","at":"2026-07-24T17:21:29.518Z","requestId":"d79b6ba7-5c66-425f-8195-b7ee8e814eb9","fingerprint":"br2MsuZHGNyGZD4jLlXrYMe3J570CQdE1ZkkN2l1Mdw","jobId":"afdec89f-d4bb-4b07-8069-8cd263d18b16","preset":"high","size":12362765}
 POST /api/compression/jobs 202 in 67ms (next.js: 11ms, proxy.ts: 13ms, application-code: 43ms)
{"level":"info","event":"compression_job_queued","at":"2026-07-24T17:21:29.655Z","jobId":"afdec89f-d4bb-4b07-8069-8cd263d18b16","queueDepth":1}
 GET /api/compression/jobs/afdec89f-d4bb-4b07-8069-8cd263d18b16 200 in 129ms (next.js: 98ms, proxy.ts: 15ms, application-code: 16ms)
{"level":"info","event":"compression_worker_picked_job","at":"2026-07-24T17:21:29.667Z","jobId":"afdec89f-d4bb-4b07-8069-8cd263d18b16","preset":"high"}
{"level":"info","event":"compression_ffprobe_started","at":"2026-07-24T17:21:29.667Z","jobId":"afdec89f-d4bb-4b07-8069-8cd263d18b16","inputPath":"C:\\Users\\Lenovo\\AppData\\Local\\Temp\\qavelix-compression\\afdec89f-d4bb-4b07-8069-8cd263d18b16.mp4"}
{"level":"info","event":"compression_paths_verified","at":"2026-07-24T17:21:29.690Z","jobId":"afdec89f-d4bb-4b07-8069-8cd263d18b16","inputPath":"C:\\Users\\Lenovo\\AppData\\Local\\Temp\\qavelix-compression\\afdec89f-d4bb-4b07-8069-8cd263d18b16.mp4","inputSize":12362765,"outputPath":"C:\\Users\\Lenovo\\AppData\\Local\\Temp\\qavelix-compression\\afdec89f-d4bb-4b07-8069-8cd263d18b16.compressed.mp4","outputDirectory":"C:\\Users\\Lenovo\\AppData\\Local\\Temp\\qavelix-compression"}
 GET /api/compression/jobs/afdec89f-d4bb-4b07-8069-8cd263d18b16 200 in 113ms (next.js: 47ms, proxy.ts: 19ms, application-code: 46ms)
 GET /api/compression/jobs/afdec89f-d4bb-4b07-8069-8cd263d18b16 200 in 111ms (next.js: 24ms, proxy.ts: 22ms, application-code: 65ms)
 GET /api/compression/jobs/afdec89f-d4bb-4b07-8069-8cd263d18b16 200 in 46ms (next.js: 22ms, proxy.ts: 11ms, application-code: 13ms)
 GET /api/compression/jobs/afdec89f-d4bb-4b07-8069-8cd263d18b16 200 in 39ms (next.js: 14ms, proxy.ts: 13ms, application-code: 12ms)
 GET /api/compression/jobs/afdec89f-d4bb-4b07-8069-8cd263d18b16 200 in 53ms (next.js: 13ms, proxy.ts: 12ms, application-code: 28ms)
 GET /api/compression/jobs/afdec89f-d4bb-4b07-8069-8cd263d18b16 200 in 38ms (next.js: 13ms, proxy.ts: 14ms, application-code: 11ms)
 GET /api/compression/jobs/afdec89f-d4bb-4b07-8069-8cd263d18b16 200 in 60ms (next.js: 20ms, proxy.ts: 26ms, application-code: 14ms)
 GET /api/compression/jobs/afdec89f-d4bb-4b07-8069-8cd263d18b16 200 in 73ms (next.js: 18ms, proxy.ts: 12ms, application-code: 43ms)
 GET /api/compression/jobs/afdec89f-d4bb-4b07-8069-8cd263d18b16 200 in 57ms (next.js: 19ms, proxy.ts: 12ms, application-code: 27ms)
 GET /api/compression/jobs/afdec89f-d4bb-4b07-8069-8cd263d18b16 200 in 67ms (next.js: 36ms, proxy.ts: 15ms, application-code: 15ms)
 GET /api/compression/jobs/afdec89f-d4bb-4b07-8069-8cd263d18b16 200 in 34ms (next.js: 13ms, proxy.ts: 12ms, application-code: 10ms)
 GET /api/compression/jobs/afdec89f-d4bb-4b07-8069-8cd263d18b16 200 in 36ms (next.js: 12ms, proxy.ts: 12ms, application-code: 12ms)
 GET /api/compression/jobs/afdec89f-d4bb-4b07-8069-8cd263d18b16 200 in 72ms (next.js: 30ms, proxy.ts: 29ms, application-code: 13ms)
 GET /api/compression/jobs/afdec89f-d4bb-4b07-8069-8cd263d18b16 200 in 95ms (next.js: 51ms, proxy.ts: 22ms, application-code: 22ms)
 GET /api/compression/jobs/afdec89f-d4bb-4b07-8069-8cd263d18b16 200 in 38ms (next.js: 14ms, proxy.ts: 12ms, application-code: 13ms)
 GET /api/compression/jobs/afdec89f-d4bb-4b07-8069-8cd263d18b16 200 in 62ms (next.js: 27ms, proxy.ts: 17ms, application-code: 18ms)
{"level":"info","event":"compression_ffprobe_finished","at":"2026-07-24T17:21:30.903Z","jobId":"afdec89f-d4bb-4b07-8069-8cd263d18b16","durationSeconds":5,"bitrate":19780424,"width":3840,"height":2160,"videoCodec":"h264"}
{"level":"info","event":"compression_ffmpeg_command_generated","at":"2026-07-24T17:21:30.904Z","jobId":"afdec89f-d4bb-4b07-8069-8cd263d18b16","argumentCount":43,"command":"ffmpeg -hide_banner -nostdin -y -i C:\\Users\\Lenovo\\AppData\\Local\\Temp\\qavelix-compression\\afdec89f-d4bb-4b07-8069-8cd263d18b16.mp4 -map 0:v:0 -map 0:a? -map_metadata -1 -sn -c:v libx264 -preset fast -threads 2 -x264-params threads=2:lookahead-threads=1 -crf 20 -maxrate 14000k -bufsize 28000k -pix_fmt yuv420p -vf scale='if(gte(iw,ih),min(iw,1920),min(iw,1080))':'if(gte(iw,ih),min(ih,1080),min(ih,1920))':force_original_aspect_ratio=decrease:force_divisible_by=2 -c:a aac -b:a 256k -ac 2 -movflags +faststart -f mp4 -progress pipe:1 C:\\Users\\Lenovo\\AppData\\Local\\Temp\\qavelix-compression\\afdec89f-d4bb-4b07-8069-8cd263d18b16.compressed.mp4","outputPath":"C:\\Users\\Lenovo\\AppData\\Local\\Temp\\qavelix-compression\\afdec89f-d4bb-4b07-8069-8cd263d18b16.compressed.mp4"}
 GET /api/compression/jobs/afdec89f-d4bb-4b07-8069-8cd263d18b16 200 in 65ms (next.js: 15ms, proxy.ts: 15ms, application-code: 35ms)
{"level":"info","event":"compression_ffmpeg_spawned","at":"2026-07-24T17:21:30.930Z","jobId":"afdec89f-d4bb-4b07-8069-8cd263d18b16","pid":18736}
 GET /api/compression/jobs/afdec89f-d4bb-4b07-8069-8cd263d18b16 200 in 60ms (next.js: 21ms, proxy.ts: 19ms, application-code: 20ms)
 GET /api/compression/jobs/afdec89f-d4bb-4b07-8069-8cd263d18b16 200 in 74ms (next.js: 14ms, proxy.ts: 25ms, application-code: 35ms)
 GET /api/compression/jobs/afdec89f-d4bb-4b07-8069-8cd263d18b16 200 in 66ms (next.js: 39ms, proxy.ts: 13ms, application-code: 13ms)
 GET /api/compression/jobs/afdec89f-d4bb-4b07-8069-8cd263d18b16 200 in 69ms (next.js: 22ms, proxy.ts: 29ms, application-code: 18ms)
 GET /api/compression/jobs/afdec89f-d4bb-4b07-8069-8cd263d18b16 200 in 38ms (next.js: 15ms, proxy.ts: 12ms, application-code: 11ms)
 GET /api/compression/jobs/afdec89f-d4bb-4b07-8069-8cd263d18b16 200 in 38ms (next.js: 13ms, proxy.ts: 13ms, application-code: 11ms)
 GET /api/compression/jobs/afdec89f-d4bb-4b07-8069-8cd263d18b16 200 in 36ms (next.js: 13ms, proxy.ts: 13ms, application-code: 10ms)
 GET /api/compression/jobs/afdec89f-d4bb-4b07-8069-8cd263d18b16 200 in 136ms (next.js: 27ms, proxy.ts: 33ms, application-code: 76ms)
 GET /api/compression/jobs/afdec89f-d4bb-4b07-8069-8cd263d18b16 200 in 76ms (next.js: 53ms, proxy.ts: 12ms, application-code: 12ms)
 GET /api/compression/jobs/afdec89f-d4bb-4b07-8069-8cd263d18b16 200 in 206ms (next.js: 113ms, proxy.ts: 13ms, application-code: 80ms)
 GET /api/compression/jobs/afdec89f-d4bb-4b07-8069-8cd263d18b16 200 in 447ms (next.js: 188ms, proxy.ts: 61ms, application-code: 198ms)
 GET /api/compression/jobs/afdec89f-d4bb-4b07-8069-8cd263d18b16 200 in 454ms (next.js: 387ms, proxy.ts: 19ms, application-code: 49ms)
 GET /api/compression/jobs/afdec89f-d4bb-4b07-8069-8cd263d18b16 200 in 84ms (next.js: 27ms, proxy.ts: 11ms, application-code: 46ms)
 GET /api/compression/jobs/afdec89f-d4bb-4b07-8069-8cd263d18b16 200 in 37ms (next.js: 14ms, proxy.ts: 12ms, application-code: 11ms)
 GET /api/compression/jobs/afdec89f-d4bb-4b07-8069-8cd263d18b16 200 in 53ms (next.js: 17ms, proxy.ts: 12ms, application-code: 24ms)
 GET /api/compression/jobs/afdec89f-d4bb-4b07-8069-8cd263d18b16 200 in 66ms (next.js: 18ms, proxy.ts: 11ms, application-code: 36ms)
 GET /api/compression/jobs/afdec89f-d4bb-4b07-8069-8cd263d18b16 200 in 54ms (next.js: 21ms, proxy.ts: 12ms, application-code: 21ms)
 GET /api/compression/jobs/afdec89f-d4bb-4b07-8069-8cd263d18b16 200 in 41ms (next.js: 18ms, proxy.ts: 11ms, application-code: 12ms)
 GET /api/compression/jobs/afdec89f-d4bb-4b07-8069-8cd263d18b16 200 in 44ms (next.js: 13ms, proxy.ts: 12ms, application-code: 19ms)
 GET /api/compression/jobs/afdec89f-d4bb-4b07-8069-8cd263d18b16 200 in 38ms (next.js: 14ms, proxy.ts: 13ms, application-code: 11ms)
 GET /api/compression/jobs/afdec89f-d4bb-4b07-8069-8cd263d18b16 200 in 55ms (next.js: 20ms, proxy.ts: 12ms, application-code: 23ms)
 GET /api/compression/jobs/afdec89f-d4bb-4b07-8069-8cd263d18b16 200 in 58ms (next.js: 15ms, proxy.ts: 12ms, application-code: 31ms)
 GET /api/compression/jobs/afdec89f-d4bb-4b07-8069-8cd263d18b16 200 in 62ms (next.js: 14ms, proxy.ts: 30ms, application-code: 19ms)
 GET /api/compression/jobs/afdec89f-d4bb-4b07-8069-8cd263d18b16 200 in 39ms (next.js: 12ms, proxy.ts: 12ms, application-code: 15ms)
 GET /api/compression/jobs/afdec89f-d4bb-4b07-8069-8cd263d18b16 200 in 38ms (next.js: 12ms, proxy.ts: 11ms, application-code: 14ms)
 GET /api/compression/jobs/afdec89f-d4bb-4b07-8069-8cd263d18b16 200 in 85ms (next.js: 17ms, proxy.ts: 12ms, application-code: 55ms)
 GET /api/compression/jobs/afdec89f-d4bb-4b07-8069-8cd263d18b16 200 in 212ms (next.js: 113ms, proxy.ts: 86ms, application-code: 12ms)
 GET /api/compression/jobs/afdec89f-d4bb-4b07-8069-8cd263d18b16 200 in 131ms (next.js: 21ms, proxy.ts: 12ms, application-code: 98ms)
 GET /api/compression/jobs/afdec89f-d4bb-4b07-8069-8cd263d18b16 200 in 57ms (next.js: 33ms, proxy.ts: 13ms, application-code: 12ms)
 GET /api/compression/jobs/afdec89f-d4bb-4b07-8069-8cd263d18b16 200 in 34ms (next.js: 11ms, proxy.ts: 11ms, application-code: 11ms)
 GET /api/compression/jobs/afdec89f-d4bb-4b07-8069-8cd263d18b16 200 in 36ms (next.js: 13ms, proxy.ts: 12ms, application-code: 12ms)
 GET /api/compression/jobs/afdec89f-d4bb-4b07-8069-8cd263d18b16 200 in 72ms (next.js: 19ms, proxy.ts: 12ms, application-code: 41ms)
 GET /api/compression/jobs/afdec89f-d4bb-4b07-8069-8cd263d18b16 200 in 64ms (next.js: 41ms, proxy.ts: 12ms, application-code: 11ms)
 GET /api/compression/jobs/afdec89f-d4bb-4b07-8069-8cd263d18b16 200 in 36ms (next.js: 12ms, proxy.ts: 11ms, application-code: 13ms)
 GET /api/compression/jobs/afdec89f-d4bb-4b07-8069-8cd263d18b16 200 in 164ms (next.js: 30ms, proxy.ts: 12ms, application-code: 123ms)
 GET /api/compression/jobs/afdec89f-d4bb-4b07-8069-8cd263d18b16 200 in 34ms (next.js: 11ms, proxy.ts: 12ms, application-code: 11ms)
 GET /api/compression/jobs/afdec89f-d4bb-4b07-8069-8cd263d18b16 200 in 47ms (next.js: 16ms, proxy.ts: 20ms, application-code: 11ms)
 GET /api/compression/jobs/afdec89f-d4bb-4b07-8069-8cd263d18b16 200 in 86ms (next.js: 36ms, proxy.ts: 12ms, application-code: 38ms)
 GET /api/compression/jobs/afdec89f-d4bb-4b07-8069-8cd263d18b16 200 in 120ms (next.js: 34ms, proxy.ts: 18ms, application-code: 68ms)
{"level":"info","event":"compression_progress_updated","at":"2026-07-24T17:21:35.088Z","jobId":"afdec89f-d4bb-4b07-8069-8cd263d18b16","progress":13}
 GET /api/compression/jobs/afdec89f-d4bb-4b07-8069-8cd263d18b16 200 in 286ms (next.js: 108ms, proxy.ts: 28ms, application-code: 149ms)
 GET /api/compression/jobs/afdec89f-d4bb-4b07-8069-8cd263d18b16 200 in 175ms (next.js: 21ms, proxy.ts: 19ms, application-code: 135ms)
 GET /api/compression/jobs/afdec89f-d4bb-4b07-8069-8cd263d18b16 200 in 117ms (next.js: 21ms, proxy.ts: 13ms, application-code: 83ms)
 GET /api/compression/jobs/afdec89f-d4bb-4b07-8069-8cd263d18b16 200 in 302ms (next.js: 279ms, proxy.ts: 12ms, application-code: 11ms)
 GET /api/compression/jobs/afdec89f-d4bb-4b07-8069-8cd263d18b16 200 in 139ms (next.js: 106ms, proxy.ts: 14ms, application-code: 20ms)
{"level":"info","event":"compression_progress_updated","at":"2026-07-24T17:21:36.721Z","jobId":"afdec89f-d4bb-4b07-8069-8cd263d18b16","progress":24}
 GET /api/compression/jobs/afdec89f-d4bb-4b07-8069-8cd263d18b16 200 in 479ms (next.js: 203ms, proxy.ts: 175ms, application-code: 102ms)
 GET /api/compression/jobs/afdec89f-d4bb-4b07-8069-8cd263d18b16 200 in 125ms (next.js: 28ms, proxy.ts: 12ms, application-code: 85ms)
 GET /api/compression/jobs/afdec89f-d4bb-4b07-8069-8cd263d18b16 200 in 54ms (next.js: 24ms, proxy.ts: 10ms, application-code: 19ms)
 GET /api/compression/jobs/afdec89f-d4bb-4b07-8069-8cd263d18b16 200 in 41ms (next.js: 14ms, proxy.ts: 16ms, application-code: 11ms)
 GET /api/compression/jobs/afdec89f-d4bb-4b07-8069-8cd263d18b16 200 in 35ms (next.js: 11ms, proxy.ts: 12ms, application-code: 12ms)
 GET /api/compression/jobs/afdec89f-d4bb-4b07-8069-8cd263d18b16 200 in 42ms (next.js: 14ms, proxy.ts: 12ms, application-code: 15ms)
 GET /api/compression/jobs/afdec89f-d4bb-4b07-8069-8cd263d18b16 200 in 282ms (next.js: 157ms, proxy.ts: 28ms, application-code: 97ms)
 GET /api/compression/jobs/afdec89f-d4bb-4b07-8069-8cd263d18b16 200 in 308ms (next.js: 85ms, proxy.ts: 55ms, application-code: 167ms)
 GET /api/compression/jobs/afdec89f-d4bb-4b07-8069-8cd263d18b16 200 in 185ms (next.js: 67ms, proxy.ts: 35ms, application-code: 83ms)
 GET /api/compression/jobs/afdec89f-d4bb-4b07-8069-8cd263d18b16 200 in 144ms (next.js: 99ms, proxy.ts: 12ms, application-code: 34ms)
{"level":"info","event":"compression_progress_updated","at":"2026-07-24T17:21:38.323Z","jobId":"afdec89f-d4bb-4b07-8069-8cd263d18b16","progress":38}
 GET /api/compression/jobs/afdec89f-d4bb-4b07-8069-8cd263d18b16 200 in 120ms (next.js: 89ms, proxy.ts: 13ms, application-code: 18ms)
 GET /api/compression/jobs/afdec89f-d4bb-4b07-8069-8cd263d18b16 200 in 219ms (next.js: 41ms, proxy.ts: 28ms, application-code: 149ms)
 GET /api/compression/jobs/afdec89f-d4bb-4b07-8069-8cd263d18b16 200 in 59ms (next.js: 35ms, proxy.ts: 14ms, application-code: 10ms)
 GET /api/compression/jobs/afdec89f-d4bb-4b07-8069-8cd263d18b16 200 in 60ms (next.js: 13ms, proxy.ts: 12ms, application-code: 36ms)
 GET /api/compression/jobs/afdec89f-d4bb-4b07-8069-8cd263d18b16 200 in 83ms (next.js: 59ms, proxy.ts: 12ms, application-code: 12ms)
 GET /api/compression/jobs/afdec89f-d4bb-4b07-8069-8cd263d18b16 200 in 90ms (next.js: 18ms, proxy.ts: 13ms, application-code: 59ms)
 GET /api/compression/jobs/afdec89f-d4bb-4b07-8069-8cd263d18b16 200 in 134ms (next.js: 69ms, proxy.ts: 23ms, application-code: 41ms)
 GET /api/compression/jobs/afdec89f-d4bb-4b07-8069-8cd263d18b16 200 in 84ms (next.js: 61ms, proxy.ts: 11ms, application-code: 12ms)
 GET /api/compression/jobs/afdec89f-d4bb-4b07-8069-8cd263d18b16 200 in 43ms (next.js: 20ms, proxy.ts: 12ms, application-code: 12ms)
 GET /api/compression/jobs/afdec89f-d4bb-4b07-8069-8cd263d18b16 200 in 34ms (next.js: 12ms, proxy.ts: 12ms, application-code: 11ms)
 GET /api/compression/jobs/afdec89f-d4bb-4b07-8069-8cd263d18b16 200 in 81ms (next.js: 11ms, proxy.ts: 13ms, application-code: 57ms)
 GET /api/compression/jobs/afdec89f-d4bb-4b07-8069-8cd263d18b16 200 in 124ms (next.js: 23ms, proxy.ts: 12ms, application-code: 89ms)
 GET /api/compression/jobs/afdec89f-d4bb-4b07-8069-8cd263d18b16 200 in 167ms (next.js: 57ms, proxy.ts: 11ms, application-code: 98ms)
 GET /api/compression/jobs/afdec89f-d4bb-4b07-8069-8cd263d18b16 200 in 132ms (next.js: 31ms, proxy.ts: 13ms, application-code: 87ms)
{"level":"info","event":"compression_progress_updated","at":"2026-07-24T17:21:39.896Z","jobId":"afdec89f-d4bb-4b07-8069-8cd263d18b16","progress":49}
 GET /api/compression/jobs/afdec89f-d4bb-4b07-8069-8cd263d18b16 200 in 177ms (next.js: 33ms, proxy.ts: 11ms, application-code: 132ms)
 GET /api/compression/jobs/afdec89f-d4bb-4b07-8069-8cd263d18b16 200 in 258ms (next.js: 65ms, proxy.ts: 13ms, application-code: 180ms)
 GET /api/compression/jobs/afdec89f-d4bb-4b07-8069-8cd263d18b16 200 in 322ms (next.js: 290ms, proxy.ts: 16ms, application-code: 16ms)
 GET /api/compression/jobs/afdec89f-d4bb-4b07-8069-8cd263d18b16 200 in 104ms (next.js: 28ms, proxy.ts: 19ms, application-code: 57ms)
 GET /api/compression/jobs/afdec89f-d4bb-4b07-8069-8cd263d18b16 200 in 138ms (next.js: 113ms, proxy.ts: 13ms, application-code: 13ms)
 GET /api/compression/jobs/afdec89f-d4bb-4b07-8069-8cd263d18b16 200 in 180ms (next.js: 33ms, proxy.ts: 12ms, application-code: 135ms)
 GET /api/compression/jobs/afdec89f-d4bb-4b07-8069-8cd263d18b16 200 in 66ms (next.js: 40ms, proxy.ts: 11ms, application-code: 16ms)
 GET /api/compression/jobs/afdec89f-d4bb-4b07-8069-8cd263d18b16 200 in 185ms (next.js: 12ms, proxy.ts: 13ms, application-code: 160ms)
 GET /api/compression/jobs/afdec89f-d4bb-4b07-8069-8cd263d18b16 200 in 53ms (next.js: 20ms, proxy.ts: 14ms, application-code: 19ms)
{"level":"info","event":"compression_progress_updated","at":"2026-07-24T17:21:41.524Z","jobId":"afdec89f-d4bb-4b07-8069-8cd263d18b16","progress":60}
 GET /api/compression/jobs/afdec89f-d4bb-4b07-8069-8cd263d18b16 200 in 38ms (next.js: 14ms, proxy.ts: 11ms, application-code: 12ms)
 GET /api/compression/jobs/afdec89f-d4bb-4b07-8069-8cd263d18b16 200 in 214ms (next.js: 25ms, proxy.ts: 11ms, application-code: 178ms)
 GET /api/compression/jobs/afdec89f-d4bb-4b07-8069-8cd263d18b16 200 in 49ms (next.js: 25ms, proxy.ts: 12ms, application-code: 12ms)
 GET /api/compression/jobs/afdec89f-d4bb-4b07-8069-8cd263d18b16 200 in 34ms (next.js: 13ms, proxy.ts: 11ms, application-code: 10ms)
 GET /api/compression/jobs/afdec89f-d4bb-4b07-8069-8cd263d18b16 200 in 42ms (next.js: 20ms, proxy.ts: 12ms, application-code: 10ms)
 GET /api/compression/jobs/afdec89f-d4bb-4b07-8069-8cd263d18b16 200 in 35ms (next.js: 12ms, proxy.ts: 12ms, application-code: 11ms)
 GET /api/compression/jobs/afdec89f-d4bb-4b07-8069-8cd263d18b16 200 in 67ms (next.js: 21ms, proxy.ts: 12ms, application-code: 33ms)
 GET /api/compression/jobs/afdec89f-d4bb-4b07-8069-8cd263d18b16 200 in 163ms (next.js: 18ms, proxy.ts: 12ms, application-code: 133ms)
 GET /api/compression/jobs/afdec89f-d4bb-4b07-8069-8cd263d18b16 200 in 103ms (next.js: 53ms, proxy.ts: 13ms, application-code: 38ms)
 GET /api/compression/jobs/afdec89f-d4bb-4b07-8069-8cd263d18b16 200 in 142ms (next.js: 108ms, proxy.ts: 11ms, application-code: 22ms)
 GET /api/compression/jobs/afdec89f-d4bb-4b07-8069-8cd263d18b16 200 in 45ms (next.js: 21ms, proxy.ts: 13ms, application-code: 11ms)
 GET /api/compression/jobs/afdec89f-d4bb-4b07-8069-8cd263d18b16 200 in 51ms (next.js: 16ms, proxy.ts: 12ms, application-code: 23ms)
 GET /api/compression/jobs/afdec89f-d4bb-4b07-8069-8cd263d18b16 200 in 303ms (next.js: 121ms, proxy.ts: 43ms, application-code: 139ms)
{"level":"info","event":"compression_progress_updated","at":"2026-07-24T17:21:43.130Z","jobId":"afdec89f-d4bb-4b07-8069-8cd263d18b16","progress":73}
 GET /api/compression/jobs/afdec89f-d4bb-4b07-8069-8cd263d18b16 200 in 320ms (next.js: 151ms, proxy.ts: 76ms, application-code: 92ms)
 GET /api/compression/jobs/afdec89f-d4bb-4b07-8069-8cd263d18b16 200 in 120ms (next.js: 29ms, proxy.ts: 11ms, application-code: 80ms)
 GET /api/compression/jobs/afdec89f-d4bb-4b07-8069-8cd263d18b16 200 in 311ms (next.js: 240ms, proxy.ts: 23ms, application-code: 49ms)
 GET /api/compression/jobs/afdec89f-d4bb-4b07-8069-8cd263d18b16 200 in 138ms (next.js: 58ms, proxy.ts: 30ms, application-code: 50ms)
 GET /api/compression/jobs/afdec89f-d4bb-4b07-8069-8cd263d18b16 429 in 67ms (next.js: 28ms, proxy.ts: 20ms, application-code: 19ms)
{"level":"info","event":"compression_progress_updated","at":"2026-07-24T17:21:46.251Z","jobId":"afdec89f-d4bb-4b07-8069-8cd263d18b16","progress":99}
{"level":"info","event":"compression_encoding_finished","at":"2026-07-24T17:21:46.367Z","jobId":"afdec89f-d4bb-4b07-8069-8cd263d18b16","status":"running"}
{"level":"info","event":"compression_output_verified","at":"2026-07-24T17:21:46.613Z","jobId":"afdec89f-d4bb-4b07-8069-8cd263d18b16","inputSize":12362765,"outputSize":2281604,"reductionPercent":81.5,"increasePercent":0,"ineffective":false,"outputWidth":1920,"outputHeight":1080,"wasDownscaledToFullHd":true}
{"level":"info","event":"compression_download_prepared","at":"2026-07-24T17:21:46.614Z","jobId":"afdec89f-d4bb-4b07-8069-8cd263d18b16","expiresAt":"2026-07-24T17:51:46.368Z"}
{"level":"info","event":"compression_job_completed","at":"2026-07-24T17:21:46.614Z","jobId":"afdec89f-d4bb-4b07-8069-8cd263d18b16","status":"optimized"}
{"level":"info","event":"compression_worker_dispatch","at":"2026-07-24T17:21:46.622Z","jobId":"afdec89f-d4bb-4b07-8069-8cd263d18b16","remainingQueueDepth":0}
